// Jest Snapshot v1, https://goo.gl/fbAQLP

exports[`Pruebas de <PrivateRoute /> should render correctly 1`] = `
<Route
  component={[Function]}
  location={
    Object {
      "pathname": "/",
    }
  }
/>
`;

exports[`Pruebas de <PrivateRoute /> should show component if isAuthenticated and save in localStorage 1`] = `
<Route
  component={[Function]}
  location={
    Object {
      "pathname": "/",
    }
  }
/>
`;
