// Jest Snapshot v1, https://goo.gl/fbAQLP

exports[`<GifGridItem /> Should render correctly 1`] = `
<article
  className="card animate__animated 
			animate__flipInX
			false"
  onClick={[Function]}
>
  <img
    alt="Title"
    className="smooth-image image-hidden false"
    onLoad={[Function]}
    src="http://gif.com"
  />
  <p>
    Title
  </p>
</article>
`;
