// Jest Snapshot v1, https://goo.gl/fbAQLP

exports[`<SearchScreen /> Basic Tests should render correctly 1`] = `
<div>
  <div
    className="row"
  >
    <div
      className="col-5"
    >
      <h3>
        Search
      </h3>
      <hr />
      <form
        onSubmit={[Function]}
      >
        <input
          autoComplete="off"
          className="form-control"
          name="searchText"
          onChange={[Function]}
          placeholder="Find your hero"
          type="text"
          value=""
        />
        <button
          className="btn my-2 btn-block btn-outline-primary"
          type="submit"
        >
          Search
        </button>
      </form>
    </div>
    <div
      className="col-7"
    >
      <h4>
        Results
      </h4>
      <hr />
      <div
        className="alert alert-info"
      >
        You don't searching for heroes yet
      </div>
    </div>
  </div>
</div>
`;
