// Jest Snapshot v1, https://goo.gl/fbAQLP

exports[`AppRouter Tests should render correctly 1`] = `
<div
  className="container"
>
  Array [
    <nav>
      <ul
        className="nav nav-tabs"
      >
        <li
          className="nav-item"
        >
          <a
            aria-current="page"
            className="nav-link active"
            href="/"
            onClick={[Function]}
            style={Object {}}
          >
            Home
          </a>
        </li>
        <li
          className="nav-item"
        >
          <a
            aria-current={null}
            className="nav-link"
            href="/login"
            onClick={[Function]}
          >
            Login
          </a>
        </li>
        <li
          className="nav-item"
        >
          <a
            aria-current={null}
            className="nav-link"
            href="/about"
            onClick={[Function]}
          >
            About
          </a>
        </li>
      </ul>
    </nav>,
    <div>
      <h1>
        HomeScreen
      </h1>
      <hr />
    </div>,
  ]
</div>
`;
