// Jest Snapshot v1, https://goo.gl/fbAQLP

exports[`TodoApp Tests should add a Todo 1`] = `<ul />`;

exports[`TodoApp Tests should render correctly 1`] = `
<div>
  <h1>
    Todo App
    <small>
       ( 
      0
       )
    </small>
  </h1>
  <hr />
  <div
    className="row"
  >
    <div
      className="col-7"
    >
      <TodoList
        dispatch={[Function]}
        todos={Array []}
      />
    </div>
    <div
      className="col-5"
    >
      <TodoForm
        dispatch={[Function]}
        todos={Array []}
      />
    </div>
  </div>
</div>
`;
